// Jest Snapshot v1, https://goo.gl/fbAQLP

exports[`a pagina de configuracao deve ser renderizada corretamente 1`] = `
<div>
  <header
    class="cabecalho"
  >
    <div
      aria-label="Logo do Sorteador"
      class="imagem-logo"
      role="img"
    />
    <img
      alt="Participante com um presente na mão"
      class="participante"
      src="/images/participante.png"
    />
  </header>
  <div
    class="wrapper-sorteador"
  >
    <form
      class="form-amigo-secreto"
    >
      <h2>
        Vamos começar!
      </h2>
      <div>
        <svg
          fill="none"
          height="17"
          viewBox="0 0 24 17"
          width="24"
          xmlns="http://www.w3.org/2000/svg"
        >
          <path
            d="M9.70312 11.474C11.5469 10.724 13.3125 10.349 15 10.349C16.6875 10.349 18.4375 10.724 20.25 11.474C22.0938 12.1927 23.0156 13.1458 23.0156 14.3333V16.349H6.98438V14.3333C6.98438 13.1458 7.89062 12.1927 9.70312 11.474ZM6 6.3177H9V8.33333H6V11.3333H3.98438V8.33333H0.984375V6.3177H3.98438V3.3177H6V6.3177ZM17.8125 7.16145C17.0312 7.9427 16.0938 8.33333 15 8.33333C13.9062 8.33333 12.9688 7.9427 12.1875 7.16145C11.4062 6.3802 11.0156 5.4427 11.0156 4.34895C11.0156 3.2552 11.4062 2.3177 12.1875 1.53645C12.9688 0.723953 13.9062 0.317703 15 0.317703C16.0938 0.317703 17.0312 0.723953 17.8125 1.53645C18.5938 2.3177 18.9844 3.2552 18.9844 4.34895C18.9844 5.4427 18.5938 6.3802 17.8125 7.16145Z"
            fill="black"
            fill-opacity="0.3"
          />
        </svg>
        <input
          placeholder="Insira os nomes dos participantes"
          type="text"
          value=""
        />
        <button
          disabled=""
        >
          Adicionar
        </button>
      </div>
      
    </form>
    <ul />
    <footer>
      <button
        class="custom-btn"
        disabled=""
      >
        <svg
          fill="none"
          height="34"
          viewBox="0 0 34 34"
          width="34"
          xmlns="http://www.w3.org/2000/svg"
        >
          <path
            d="M7.54688 26.4531C10.2031 29.0573 13.3542 30.3594 17 30.3594C20.6458 30.3594 23.7708 29.0573 26.375 26.4531C29.0312 23.7969 30.3594 20.6458 30.3594 17C30.3594 13.3542 29.0312 10.2292 26.375 7.625C23.7708 4.96875 20.6458 3.64062 17 3.64062C13.3542 3.64062 10.2031 4.96875 7.54688 7.625C4.94271 10.2292 3.64062 13.3542 3.64062 17C3.64062 20.6458 4.94271 23.7969 7.54688 26.4531ZM5.20312 5.28125C8.48438 2 12.4167 0.359375 17 0.359375C21.5833 0.359375 25.4896 2 28.7188 5.28125C32 8.51042 33.6406 12.4167 33.6406 17C33.6406 21.5833 32 25.5156 28.7188 28.7969C25.4896 32.026 21.5833 33.6406 17 33.6406C12.4167 33.6406 8.48438 32.026 5.20312 28.7969C1.97396 25.5156 0.359375 21.5833 0.359375 17C0.359375 12.4167 1.97396 8.51042 5.20312 5.28125ZM13.6406 24.5V9.5L23.6406 17L13.6406 24.5Z"
            fill="white"
          />
        </svg>
        Iniciar uma brincadeira
      </button>
    </footer>
  </div>
</div>
`;
